// Jest Snapshot v1, https://goo.gl/fbAQLP

exports[`Flash should render 1`] = `
ShallowWrapper {
  "length": 1,
  Symbol(enzyme.__root__): [Circular],
  Symbol(enzyme.__unrendered__): <Flash
    duration={1}
    fillMode="both"
    infinite={false}
  >
    Flash
  </Flash>,
  Symbol(enzyme.__renderer__): Object {
    "batchedUpdates": [Function],
    "getNode": [Function],
    "render": [Function],
    "simulateEvent": [Function],
    "unmount": [Function],
  },
  Symbol(enzyme.__node__): Object {
    "instance": null,
    "key": undefined,
    "nodeType": "host",
    "props": Object {
      "children": "Flash",
      "style": Object {
        "WebkitAnimationDuration": "1s",
        "WebkitAnimationFillMode": "both",
        "WebkitAnimationName": "flash",
        "animationDuration": "1s",
        "animationFillMode": "both",
        "animationName": "flash",
      },
    },
    "ref": null,
    "rendered": "Flash",
    "type": "div",
  },
  Symbol(enzyme.__nodes__): Array [
    Object {
      "instance": null,
      "key": undefined,
      "nodeType": "host",
      "props": Object {
        "children": "Flash",
        "style": Object {
          "WebkitAnimationDuration": "1s",
          "WebkitAnimationFillMode": "both",
          "WebkitAnimationName": "flash",
          "animationDuration": "1s",
          "animationFillMode": "both",
          "animationName": "flash",
        },
      },
      "ref": null,
      "rendered": "Flash",
      "type": "div",
    },
  ],
  Symbol(enzyme.__options__): Object {
    "adapter": ReactSixteenAdapter {
      "options": Object {
        "enableComponentDidUpdateOnSetState": true,
      },
    },
  },
}
`;
