// Jest Snapshot v1, https://goo.gl/fbAQLP

exports[`withRubberBand should render 1`] = `
ShallowWrapper {
  "length": 1,
  Symbol(enzyme.__root__): [Circular],
  Symbol(enzyme.__unrendered__): <div
    style={
      Object {
        "WebkitAnimationDuration": "1s",
        "WebkitAnimationFillMode": "both",
        "WebkitAnimationName": "rubberBand",
        "animationDuration": "1s",
        "animationFillMode": "both",
        "animationName": "rubberBand",
      }
    }
  >
    <div>
      rubberBand
    </div>
  </div>,
  Symbol(enzyme.__renderer__): Object {
    "batchedUpdates": [Function],
    "getNode": [Function],
    "render": [Function],
    "simulateEvent": [Function],
    "unmount": [Function],
  },
  Symbol(enzyme.__node__): Object {
    "instance": null,
    "key": undefined,
    "nodeType": "host",
    "props": Object {
      "children": <div>
        rubberBand
      </div>,
      "style": Object {
        "WebkitAnimationDuration": "1s",
        "WebkitAnimationFillMode": "both",
        "WebkitAnimationName": "rubberBand",
        "animationDuration": "1s",
        "animationFillMode": "both",
        "animationName": "rubberBand",
      },
    },
    "ref": null,
    "rendered": Object {
      "instance": null,
      "key": undefined,
      "nodeType": "host",
      "props": Object {
        "children": "rubberBand",
      },
      "ref": null,
      "rendered": "rubberBand",
      "type": "div",
    },
    "type": "div",
  },
  Symbol(enzyme.__nodes__): Array [
    Object {
      "instance": null,
      "key": undefined,
      "nodeType": "host",
      "props": Object {
        "children": <div>
          rubberBand
        </div>,
        "style": Object {
          "WebkitAnimationDuration": "1s",
          "WebkitAnimationFillMode": "both",
          "WebkitAnimationName": "rubberBand",
          "animationDuration": "1s",
          "animationFillMode": "both",
          "animationName": "rubberBand",
        },
      },
      "ref": null,
      "rendered": Object {
        "instance": null,
        "key": undefined,
        "nodeType": "host",
        "props": Object {
          "children": "rubberBand",
        },
        "ref": null,
        "rendered": "rubberBand",
        "type": "div",
      },
      "type": "div",
    },
  ],
  Symbol(enzyme.__options__): Object {
    "adapter": ReactSixteenAdapter {
      "options": Object {
        "enableComponentDidUpdateOnSetState": true,
      },
    },
  },
}
`;
